[INFO] Scanning for projects...
[INFO] 
[INFO] --------------------< com.accenture:franchise-api >---------------------
[INFO] Building franchise-api 0.0.1
[INFO]   from pom.xml
[INFO] --------------------------------[ jar ]---------------------------------
[INFO] 
[INFO] --- resources:3.3.1:resources (default-resources) @ franchise-api ---
[INFO] Copying 1 resource from src\main\resources to target\classes
[INFO] Copying 1 resource from src\main\resources to target\classes
[INFO] 
[INFO] --- compiler:3.13.0:compile (default-compile) @ franchise-api ---
[INFO] Nothing to compile - all classes are up to date.
[INFO] 
[INFO] --- resources:3.3.1:testResources (default-testResources) @ franchise-api ---
[INFO] skip non existing resourceDirectory C:\Users\Lenovo\Documents\Proyectos\accenture\src\test\resources
[INFO] 
[INFO] --- compiler:3.13.0:testCompile (default-testCompile) @ franchise-api ---
[INFO] Nothing to compile - all classes are up to date.
[INFO] 
[INFO] --- surefire:3.5.2:test (default-test) @ franchise-api ---
[INFO] Using auto detected provider org.apache.maven.surefire.junitplatform.JUnitPlatformProvider
[INFO] 
[INFO] -------------------------------------------------------
[INFO]  T E S T S
[INFO] -------------------------------------------------------
[INFO] Running com.accenture.service.FranchiseServiceTest
mvn : Mockito is currently self-attaching to enable 
the inline-mock-maker. This will no longer work in 
future releases of the JDK. Please add Mockito as an 
agent to your build what is described in Mockito's 
documentation: https://javadoc.io/doc/org.mockito/mocki
to-core/latest/org/mockito/Mockito.html#0.3
En línea: 1 Carácter: 1
+ mvn test -Dtest=FranchiseServiceTest > 
test_output.txt 2>&1
+ ~~~~~~~~~~~~~~~~~~~~~~~~~~~~~~~~~~~~~~~~~~~~~~~~~~~~~
~~~~~~
    + CategoryInfo          : NotSpecified: (Mockito i 
   s curr...ockito.html#0.3:String) [], RemoteExcepti  
  on
    + FullyQualifiedErrorId : NativeCommandError
 
WARNING: A Java agent has been loaded dynamically (C:\U
sers\Lenovo\.m2\repository\net\bytebuddy\byte-buddy-age
nt\1.15.11\byte-buddy-agent-1.15.11.jar)
WARNING: If a serviceability tool is in use, please 
run with -XX:+EnableDynamicAgentLoading to hide this 
warning
WARNING: If a serviceability tool is not in use, 
please run with -Djdk.instrument.traceUsage for more 
information
WARNING: Dynamic loading of agents will be disallowed 
by default in a future release
Java HotSpot(TM) 64-Bit Server VM warning: Sharing is 
only supported for boot loader classes because 
bootstrap classpath has been appended
08:27:39.871 [main] INFO com.accenture.service.FranchiseServiceImpl -- Updating franchise id 1 with name: Test Franchise
08:27:39.977 [main] INFO com.accenture.service.FranchiseServiceImpl -- Creating franchise with name: Test Franchise
08:27:40.014 [main] INFO com.accenture.service.FranchiseServiceImpl -- Creating franchise with name: Test Franchise
08:27:40.022 [main] INFO com.accenture.service.FranchiseServiceImpl -- Updating franchise id 1 with name: Test Franchise
08:27:40.027 [main] INFO com.accenture.service.FranchiseServiceImpl -- Updating franchise id 1 with name: Updated Name
08:27:40.033 [main] INFO com.accenture.service.FranchiseServiceImpl -- Updating franchise id 1 with name: Existing Name
[ERROR] Tests run: 6, Failures: 0, Errors: 1, Skipped: 0, Time elapsed: 1.494 s <<< FAILURE! -- in com.accenture.service.FranchiseServiceTest
[ERROR] com.accenture.service.FranchiseServiceTest.createFranchise_Conflict -- Time elapsed: 0.031 s <<< ERROR!
java.lang.NullPointerException: Cannot invoke "reactor.core.publisher.Mono.map(java.util.function.Function)" because the return value of "org.springframework.data.r2dbc.core.R2dbcEntityTemplate.insert(Object)" is null
	at com.accenture.service.FranchiseServiceImpl.createFranchise(FranchiseServiceImpl.java:44)
	at com.accenture.service.FranchiseServiceTest.createFranchise_Conflict(FranchiseServiceTest.java:65)
	at java.base/java.lang.reflect.Method.invoke(Method.java:580)
	at java.base/java.util.ArrayList.forEach(ArrayList.java:1596)
	at java.base/java.util.ArrayList.forEach(ArrayList.java:1596)

[INFO] 
[INFO] Results:
[INFO] 
[ERROR] Errors: 
[ERROR]   FranchiseServiceTest.createFranchise_Conflict:65 ╗ NullPointer Cannot invoke "reactor.core.publisher.Mono.map(java.util.function.Function)" because the return value of "org.springframework.data.r2dbc.core.R2dbcEntityTemplate.insert(Object)" is null
[INFO] 
[ERROR] Tests run: 6, Failures: 0, Errors: 1, Skipped: 0
[INFO] 
[INFO] ------------------------------------------------------------------------
[INFO] BUILD FAILURE
[INFO] ------------------------------------------------------------------------
[INFO] Total time:  3.824 s
[INFO] Finished at: 2025-12-25T08:27:40-05:00
[INFO] ------------------------------------------------------------------------
[ERROR] Failed to execute goal org.apache.maven.plugins:maven-surefire-plugin:3.5.2:test (default-test) on project franchise-api: 
[ERROR] 
[ERROR] See C:\Users\Lenovo\Documents\Proyectos\accenture\target\surefire-reports for the individual test results.
[ERROR] See dump files (if any exist) [date].dump, [date]-jvmRun[N].dump and [date].dumpstream.
[ERROR] -> [Help 1]
[ERROR] 
[ERROR] To see the full stack trace of the errors, re-run Maven with the -e switch.
[ERROR] Re-run Maven using the -X switch to enable full debug logging.
[ERROR] 
[ERROR] For more information about the errors and possible solutions, please read the following articles:
[ERROR] [Help 1] http://cwiki.apache.org/confluence/display/MAVEN/MojoFailureException
